MemTotal:        2025912 kB
MemFree:          251016 kB
MemAvailable:     990732 kB
Buffers:            3796 kB
Cached:           933580 kB
SwapCached:         6904 kB
Active:           759556 kB
Inactive:         427084 kB
Active(anon):     204292 kB
Inactive(anon):    60432 kB
Active(file):     555264 kB
Inactive(file):   366652 kB
Unevictable:       10208 kB
Mlocked:           10208 kB
SwapTotal:       1519428 kB
SwapFree:         735724 kB
Dirty:             79760 kB
Writeback:             0 kB
AnonPages:        259956 kB
Mapped:           372648 kB
Shmem:              6088 kB
KReclaimable:      66216 kB
Slab:             185372 kB
SReclaimable:      66216 kB
SUnreclaim:       119156 kB
KernelStack:       31520 kB
ShadowCallStack:    7912 kB
PageTables:        68800 kB
SecPageTables:         0 kB
NFS_Unstable:          0 kB
Bounce:                0 kB
WritebackTmp:          0 kB
CommitLimit:     2532384 kB
Committed_AS:   50774636 kB
VmallocTotal:   259653632 kB
VmallocUsed:       59380 kB
VmallocChunk:          0 kB
Percpu:             4352 kB
AnonHugePages:         0 kB
ShmemHugePages:        0 kB
ShmemPmdMapped:        0 kB
FileHugePages:         0 kB
FilePmdMapped:         0 kB
CmaTotal:         303104 kB
CmaFree:          100896 kB

